<svg xmlns="http://www.w3.org/2000/svg" width="148" height="148" viewBox="0 0 37 37" shape-rendering="crispEdges"><path fill="#ffffff" d="M0 0h37v37H0z"/><path stroke="#000000" d="M4 4.5h7m1 0h2m1 0h2m1 0h1m1 0h2m2 0h1m1 0h7M4 5.5h1m5 0h1m2 0h1m1 0h1m2 0h1m3 0h3m1 0h1m5 0h1M4 6.5h1m1 0h3m1 0h1m2 0h5m4 0h1m1 0h1m1 0h1m1 0h3m1 0h1M4 7.5h1m1 0h3m1 0h1m1 0h1m1 0h1m2 0h1m1 0h2m1 0h2m2 0h1m1 0h3m1 0h1M4 8.5h1m1 0h3m1 0h1m2 0h1m1 0h2m3 0h5m1 0h1m1 0h3m1 0h1M4 9.5h1m5 0h1m3 0h2m2 0h2m2 0h3m1 0h1m5 0h1M4 10.5h7m1 0h1m1 0h1m1 0h1m1 0h1m1 0h1m1 0h1m1 0h1m1 0h7M14 11.5h5m1 0h1m3 0h1M6 12.5h1m1 0h3m1 0h3m2 0h1m1 0h1m4 0h2m3 0h1m2 0h1M4 13.5h4m1 0h1m2 0h5m1 0h1m1 0h2m1 0h4m3 0h1m1 0h1M7 14.5h6m1 0h1m1 0h4m1 0h1m1 0h3m3 0h1m1 0h2M4 15.5h2m2 0h2m9 0h1m1 0h1m2 0h1m1 0h1m1 0h1m2 0h1M4 16.5h1m2 0h2m1 0h1m1 0h6m1 0h1m3 0h1m2 0h1M5 17.5h1m7 0h1m1 0h2m1 0h1m1 0h2m2 0h4m3 0h2M7 18.5h7m1 0h1m1 0h1m1 0h1m6 0h1m3 0h3M4 19.5h1m1 0h2m1 0h1m10 0h3m1 0h1m1 0h3m3 0h1M4 20.5h1m1 0h2m1 0h3m2 0h1m1 0h1m1 0h5m1 0h3m2 0h1m1 0h1M5 21.5h2m2 0h1m1 0h2m1 0h1m1 0h2m1 0h1m1 0h3m1 0h3m3 0h2M4 22.5h1m1 0h1m3 0h1m1 0h6m2 0h1m1 0h1m2 0h1m1 0h3m1 0h2M5 23.5h1m2 0h2m1 0h2m4 0h1m2 0h1m2 0h2m1 0h1M4 24.5h1m2 0h1m1 0h2m1 0h2m1 0h2m1 0h1m1 0h1m1 0h7m2 0h2M12 25.5h1m2 0h2m1 0h3m3 0h1m3 0h1m2 0h2M4 26.5h7m4 0h1m2 0h4m1 0h2m1 0h1m1 0h1m1 0h3M4 27.5h1m5 0h1m1 0h2m2 0h1m1 0h2m2 0h1m1 0h1m3 0h1m3 0h1M4 28.5h1m1 0h3m1 0h1m1 0h2m5 0h1m4 0h6m1 0h2M4 29.5h1m1 0h3m1 0h1m2 0h1m3 0h2m1 0h1m1 0h1m1 0h1m3 0h1m1 0h1M4 30.5h1m1 0h3m1 0h1m1 0h2m2 0h1m1 0h2m1 0h1m1 0h3m2 0h1m1 0h1m1 0h1M4 31.5h1m5 0h1m2 0h1m1 0h6m2 0h2m1 0h2m3 0h1M4 32.5h7m3 0h1m1 0h1m1 0h2m2 0h4m2 0h1m2 0h2"/></svg>
